Last login: Fri Mar 28 21:46:48 on ttys000
/Users/onotakumi/.zprofile:2: no such file or directory: /usr/local/bin/brew
/Users/onotakumi/.zprofile:6: no such file or directory: /usr/local/bin/brew
onotakumi@onotakuminoMacBook-Air ~ % mkdir git_challenge
onotakumi@onotakuminoMacBook-Air ~ % cd git_challenge
onotakumi@onotakuminoMacBook-Air git_challenge % git init
Initialized empty Git repository in /Users/onotakumi/git_challenge/.git/
onotakumi@onotakuminoMacBook-Air git_challenge % touch hello_world.txt
onotakumi@onotakuminoMacBook-Air git_challenge % git add hello_world.txt
onotakumi@onotakuminoMacBook-Air git_challenge % git commit -m "hello_world.txt を追加"
[main (root-commit) 134ea24] hello_world.txtを追加
 1 file changed, 1 insertion(+)
 create mode 100644 hello_world.txt
onotakumi@onotakuminoMacBook-Air git_challenge % git add /Users/onotakumi/git_challenge/hello_world.txt
onotakumi@onotakuminoMacBook-Air git_challenge % git commit -m "日本語訳を追加"
[main 16f637c] 日本語訳を追加
 1 file changed, 2 insertions(+), 1 deletion(-)
onotakumi@onotakuminoMacBook-Air git_challenge % git log --oneline
16f637c (HEAD -> main) 日本語訳を追加
134ea24 hello_world.txtを追加
onotakumi@onotakuminoMacBook-Air git_challenge % cd