Last login: Fri Mar 28 01:04:38 on ttys000
/Users/onotakumi/.zprofile:2: no such file or directory: /usr/local/bin/brew
/Users/onotakumi/.zprofile:6: no such file or directory: /usr/local/bin/brew
onotakumi@onotakuminoMacBook-Air ~ % mkdir git_challenge
onotakumi@onotakuminoMacBook-Air ~ % cd git_challenge
onotakumi@onotakuminoMacBook-Air git_challenge % git init
Initialized empty Git repository in /Users/onotakumi/git_challenge/.git/
onotakumi@onotakuminoMacBook-Air git_challenge % pwd
/Users/onotakumi/git_challenge
onotakumi@onotakuminoMacBook-Air git_challenge % touch hello_world.txt
onotakumi@onotakuminoMacBook-Air git_challenge % pwd
/Users/onotakumi/git_challenge
onotakumi@onotakuminoMacBook-Air git_challenge % git add /Users/onotakumi/git_challenge/hello_world.txt
onotakumi@onotakuminoMacBook-Air git_challenge % git commit -m "hello_world.txt を追加"
[main (root-commit) 52bd93a] hello_world.txtを追加
 1 file changed, 1 insertion(+)
 create mode 100644 hello_world.txt
onotakumi@onotakuminoMacBook-Air git_challenge % git add /Users/onotakumi/git_challenge/hello_world.txt
onotakumi@onotakuminoMacBook-Air git_challenge % git commit -m "日本語訳を追加"
[main 8c7f574] 日本語訳を追加
 1 file changed, 2 insertions(+), 1 deletion(-)
onotakumi@onotakuminoMacBook-Air git_challenge % git log
commit 8c7f5743b77f622c5e62c99eeb786f02e46c4493 (HEAD -> main)
Author: Takumi-4321 <xiaoyejiang9@gmail.com>
Date:   Fri Mar 28 01:12:20 2025 +0900

    日本語訳を追加

commit 52bd93a0a06863f8f889c2583e1ea29e476dc14b
Author: Takumi-4321 <xiaoyejiang9@gmail.com>
Date:   Fri Mar 28 01:11:38 2025 +0900

    hello_world.txtを追加
onotakumi@onotakuminoMacBook-Air git_challenge % cd