Last login: Fri Mar 28 00:44:51 on ttys000
/Users/onotakumi/.zprofile:2: no such file or directory: /usr/local/bin/brew
/Users/onotakumi/.zprofile:6: no such file or directory: /usr/local/bin/brew
onotakumi@onotakuminoMacBook-Air ~ % cd /Users/onotakumi/Desktop/git_challenge
onotakumi@onotakuminoMacBook-Air git_challenge % touch hello_world.txt
onotakumi@onotakuminoMacBook-Air git_challenge % git init
Initialized empty Git repository in /Users/onotakumi/Desktop/git_challenge/.git/
onotakumi@onotakuminoMacBook-Air git_challenge % touch .gitignore
onotakumi@onotakuminoMacBook-Air git_challenge % git add /Users/onotakumi/Desktop/git_challenge/hello_world.txt
onotakumi@onotakuminoMacBook-Air git_challenge % git commit -m "hello_worldを追 加"
[main (root-commit) 317361a] hello_worldを追加
 1 file changed, 1 insertion(+)
 create mode 100644 hello_world.txt
onotakumi@onotakuminoMacBook-Air git_challenge % git add /Users/onotakumi/Desktop/git_challenge/hello_world.txt
onotakumi@onotakuminoMacBook-Air git_challenge % git commit -m "日本語訳を追加"
[main 41ee748] 日本語訳を追加
 1 file changed, 2 insertions(+), 1 deletion(-)
onotakumi@onotakuminoMacBook-Air git_challenge % git log 
commit 41ee74885ba72782f9a99f71db76b0e7d454f503 (HEAD -> main)
Author: Takumi-4321 <xiaoyejiang9@gmail.com>
Date:   Fri Mar 28 01:00:51 2025 +0900

    日本語訳を追加

commit 317361af3087c4cfe0a02b3e38fa00625576380d
Author: Takumi-4321 <xiaoyejiang9@gmail.com>
Date:   Fri Mar 28 00:58:45 2025 +0900

    hello_worldを追加
onotakumi@onotakuminoMacBook-Air git_challenge %